// Jest Snapshot v1, https://goo.gl/fbAQLP

exports[`MovieList MovieList ui renders correctly 1`] = `
.c0 {
  display: -webkit-box;
  display: -webkit-flex;
  display: -ms-flexbox;
  display: flex;
  -webkit-flex-direction: column;
  -ms-flex-direction: column;
  flex-direction: column;
  width: 400px;
}

<div
  className="c0"
/>
`;
