// Jest Snapshot v1, https://goo.gl/fbAQLP

exports[`Movie List MovieList ui renders correctly 1`] = `
<div
  className="ui stackable three cards"
/>
`;
