// Jest Snapshot v1, https://goo.gl/fbAQLP

exports[`MovieItem MovieItem ui renders correctly 1`] = `
.c0 {
  display: -webkit-box;
  display: -webkit-flex;
  display: -ms-flexbox;
  display: flex;
  border: 2px solid #1b1d2d;
  box-sizing: border-box;
  padding: 5px;
  margin: 5px;
  border-radius: 5px;
  cursor: pointer;
  background: #0b0f1f;
}

.c0:hover {
  border-color: #282b42;
}

.c0:active {
  -webkit-transform: scale(0.97);
  -ms-transform: scale(0.97);
  transform: scale(0.97);
}

.c2 {
  text-align: left;
}

.c1 {
  display: -webkit-box;
  display: -webkit-flex;
  display: -ms-flexbox;
  display: flex;
  -webkit-align-items: center;
  -webkit-box-align: center;
  -ms-flex-align: center;
  align-items: center;
  margin-right: 10px;
  height: 35px;
}

.c3 {
  white-space: nowrap;
  overflow: hidden;
  text-overflow: ellipsis;
  max-width: 330px;
  font-weight: 600;
  color: #ffffff;
}

.c4 {
  color: #9194a2;
}

<div
  className="c0"
  onClick={[Function]}
>
  <img
    alt="image"
    className="c1"
    src={undefined}
  />
  <div
    className="c2"
  >
    <div
      className="c3"
    />
    <div
      className="c4"
    />
  </div>
</div>
`;
